Copyright 1986-2020 Xilinx, Inc. All Rights Reserved.
--------------------------------------------------------------------------------------------------
| Tool Version : Vivado v.2020.2 (win64) Build 3064766 Wed Nov 18 09:12:45 MST 2020
| Date         : Tue Jul  8 15:56:27 2025
| Host         : MSI running 64-bit major release  (build 9200)
| Command      : report_control_sets -verbose -file arbiter_puf_fpga_v1_0_control_sets_placed.rpt
| Design       : arbiter_puf_fpga_v1_0
| Device       : xc7z020
--------------------------------------------------------------------------------------------------

Control Set Information

Table of Contents
-----------------
1. Summary
2. Histogram
3. Flip-Flop Distribution
4. Detailed Control Set Information

1. Summary
----------

+----------------------------------------------------------+-------+
|                          Status                          | Count |
+----------------------------------------------------------+-------+
| Total control sets                                       |    64 |
|    Minimum number of control sets                        |    64 |
|    Addition due to synthesis replication                 |     0 |
|    Addition due to physical synthesis replication        |     0 |
| Unused register locations in slices containing registers |   448 |
+----------------------------------------------------------+-------+
* Control sets can be merged at opt_design using control_set_merge or merge_equivalent_drivers
** Run report_qor_suggestions for automated merging and remapping suggestions


2. Histogram
------------

+--------------------+-------+
|       Fanout       | Count |
+--------------------+-------+
| Total control sets |    64 |
| >= 0 to < 4        |    64 |
| >= 4 to < 6        |     0 |
| >= 6 to < 8        |     0 |
| >= 8 to < 10       |     0 |
| >= 10 to < 12      |     0 |
| >= 12 to < 14      |     0 |
| >= 14 to < 16      |     0 |
| >= 16              |     0 |
+--------------------+-------+
* Control sets can be remapped at either synth_design or opt_design


3. Flip-Flop Distribution
-------------------------

+--------------+-----------------------+------------------------+-----------------+--------------+
| Clock Enable | Synchronous Set/Reset | Asynchronous Set/Reset | Total Registers | Total Slices |
+--------------+-----------------------+------------------------+-----------------+--------------+
| No           | No                    | No                     |              64 |           64 |
| No           | No                    | Yes                    |               0 |            0 |
| No           | Yes                   | No                     |               0 |            0 |
| Yes          | No                    | No                     |               0 |            0 |
| Yes          | No                    | Yes                    |               0 |            0 |
| Yes          | Yes                   | No                     |               0 |            0 |
+--------------+-----------------------+------------------------+-----------------+--------------+


4. Detailed Control Set Information
-----------------------------------

+--------------------------------------------------------------------------------------------+---------------+------------------+------------------+----------------+--------------+
|                                        Clock Signal                                        | Enable Signal | Set/Reset Signal | Slice Load Count | Bel Load Count | Bels / Slice |
+--------------------------------------------------------------------------------------------+---------------+------------------+------------------+----------------+--------------+
|  arbiter_puf_fpga_v1_0_S00_AXI_inst/u_puf/genblk1[15].arbiterinst/genblk1[63].arbelinst/o2 |               |                  |                1 |              1 |         1.00 |
|  arbiter_puf_fpga_v1_0_S00_AXI_inst/u_puf/genblk1[20].arbiterinst/genblk1[63].arbelinst/o2 |               |                  |                1 |              1 |         1.00 |
|  arbiter_puf_fpga_v1_0_S00_AXI_inst/u_puf/genblk1[21].arbiterinst/genblk1[63].arbelinst/o2 |               |                  |                1 |              1 |         1.00 |
|  arbiter_puf_fpga_v1_0_S00_AXI_inst/u_puf/genblk1[22].arbiterinst/genblk1[63].arbelinst/o2 |               |                  |                1 |              1 |         1.00 |
|  arbiter_puf_fpga_v1_0_S00_AXI_inst/u_puf/genblk1[0].arbiterinst/genblk1[63].arbelinst/o2  |               |                  |                1 |              1 |         1.00 |
|  arbiter_puf_fpga_v1_0_S00_AXI_inst/u_puf/genblk1[9].arbiterinst/genblk1[63].arbelinst/o2  |               |                  |                1 |              1 |         1.00 |
|  arbiter_puf_fpga_v1_0_S00_AXI_inst/u_puf/genblk1[63].arbiterinst/genblk1[63].arbelinst/o2 |               |                  |                1 |              1 |         1.00 |
|  arbiter_puf_fpga_v1_0_S00_AXI_inst/u_puf/genblk1[13].arbiterinst/genblk1[63].arbelinst/o2 |               |                  |                1 |              1 |         1.00 |
|  arbiter_puf_fpga_v1_0_S00_AXI_inst/u_puf/genblk1[14].arbiterinst/genblk1[63].arbelinst/o2 |               |                  |                1 |              1 |         1.00 |
|  arbiter_puf_fpga_v1_0_S00_AXI_inst/u_puf/genblk1[11].arbiterinst/genblk1[63].arbelinst/o2 |               |                  |                1 |              1 |         1.00 |
|  arbiter_puf_fpga_v1_0_S00_AXI_inst/u_puf/genblk1[12].arbiterinst/genblk1[63].arbelinst/o2 |               |                  |                1 |              1 |         1.00 |
|  arbiter_puf_fpga_v1_0_S00_AXI_inst/u_puf/genblk1[10].arbiterinst/genblk1[63].arbelinst/o2 |               |                  |                1 |              1 |         1.00 |
|  arbiter_puf_fpga_v1_0_S00_AXI_inst/u_puf/genblk1[1].arbiterinst/genblk1[63].arbelinst/o2  |               |                  |                1 |              1 |         1.00 |
|  arbiter_puf_fpga_v1_0_S00_AXI_inst/u_puf/genblk1[19].arbiterinst/genblk1[63].arbelinst/o2 |               |                  |                1 |              1 |         1.00 |
|  arbiter_puf_fpga_v1_0_S00_AXI_inst/u_puf/genblk1[16].arbiterinst/genblk1[63].arbelinst/o2 |               |                  |                1 |              1 |         1.00 |
|  arbiter_puf_fpga_v1_0_S00_AXI_inst/u_puf/genblk1[17].arbiterinst/genblk1[63].arbelinst/o2 |               |                  |                1 |              1 |         1.00 |
|  arbiter_puf_fpga_v1_0_S00_AXI_inst/u_puf/genblk1[18].arbiterinst/genblk1[63].arbelinst/o2 |               |                  |                1 |              1 |         1.00 |
|  arbiter_puf_fpga_v1_0_S00_AXI_inst/u_puf/genblk1[23].arbiterinst/genblk1[63].arbelinst/o2 |               |                  |                1 |              1 |         1.00 |
|  arbiter_puf_fpga_v1_0_S00_AXI_inst/u_puf/genblk1[24].arbiterinst/genblk1[63].arbelinst/o2 |               |                  |                1 |              1 |         1.00 |
|  arbiter_puf_fpga_v1_0_S00_AXI_inst/u_puf/genblk1[25].arbiterinst/genblk1[63].arbelinst/o2 |               |                  |                1 |              1 |         1.00 |
|  arbiter_puf_fpga_v1_0_S00_AXI_inst/u_puf/genblk1[26].arbiterinst/genblk1[63].arbelinst/o2 |               |                  |                1 |              1 |         1.00 |
|  arbiter_puf_fpga_v1_0_S00_AXI_inst/u_puf/genblk1[27].arbiterinst/genblk1[63].arbelinst/o2 |               |                  |                1 |              1 |         1.00 |
|  arbiter_puf_fpga_v1_0_S00_AXI_inst/u_puf/genblk1[29].arbiterinst/genblk1[63].arbelinst/o2 |               |                  |                1 |              1 |         1.00 |
|  arbiter_puf_fpga_v1_0_S00_AXI_inst/u_puf/genblk1[28].arbiterinst/genblk1[63].arbelinst/o2 |               |                  |                1 |              1 |         1.00 |
|  arbiter_puf_fpga_v1_0_S00_AXI_inst/u_puf/genblk1[2].arbiterinst/genblk1[63].arbelinst/o2  |               |                  |                1 |              1 |         1.00 |
|  arbiter_puf_fpga_v1_0_S00_AXI_inst/u_puf/genblk1[30].arbiterinst/genblk1[63].arbelinst/o2 |               |                  |                1 |              1 |         1.00 |
|  arbiter_puf_fpga_v1_0_S00_AXI_inst/u_puf/genblk1[31].arbiterinst/genblk1[63].arbelinst/o2 |               |                  |                1 |              1 |         1.00 |
|  arbiter_puf_fpga_v1_0_S00_AXI_inst/u_puf/genblk1[41].arbiterinst/genblk1[63].arbelinst/o2 |               |                  |                1 |              1 |         1.00 |
|  arbiter_puf_fpga_v1_0_S00_AXI_inst/u_puf/genblk1[42].arbiterinst/genblk1[63].arbelinst/o2 |               |                  |                1 |              1 |         1.00 |
|  arbiter_puf_fpga_v1_0_S00_AXI_inst/u_puf/genblk1[32].arbiterinst/genblk1[63].arbelinst/o2 |               |                  |                1 |              1 |         1.00 |
|  arbiter_puf_fpga_v1_0_S00_AXI_inst/u_puf/genblk1[33].arbiterinst/genblk1[63].arbelinst/o2 |               |                  |                1 |              1 |         1.00 |
|  arbiter_puf_fpga_v1_0_S00_AXI_inst/u_puf/genblk1[34].arbiterinst/genblk1[63].arbelinst/o2 |               |                  |                1 |              1 |         1.00 |
|  arbiter_puf_fpga_v1_0_S00_AXI_inst/u_puf/genblk1[35].arbiterinst/genblk1[63].arbelinst/o2 |               |                  |                1 |              1 |         1.00 |
|  arbiter_puf_fpga_v1_0_S00_AXI_inst/u_puf/genblk1[36].arbiterinst/genblk1[63].arbelinst/o2 |               |                  |                1 |              1 |         1.00 |
|  arbiter_puf_fpga_v1_0_S00_AXI_inst/u_puf/genblk1[37].arbiterinst/genblk1[63].arbelinst/o2 |               |                  |                1 |              1 |         1.00 |
|  arbiter_puf_fpga_v1_0_S00_AXI_inst/u_puf/genblk1[38].arbiterinst/genblk1[63].arbelinst/o2 |               |                  |                1 |              1 |         1.00 |
|  arbiter_puf_fpga_v1_0_S00_AXI_inst/u_puf/genblk1[3].arbiterinst/genblk1[63].arbelinst/o2  |               |                  |                1 |              1 |         1.00 |
|  arbiter_puf_fpga_v1_0_S00_AXI_inst/u_puf/genblk1[39].arbiterinst/genblk1[63].arbelinst/o2 |               |                  |                1 |              1 |         1.00 |
|  arbiter_puf_fpga_v1_0_S00_AXI_inst/u_puf/genblk1[40].arbiterinst/genblk1[63].arbelinst/o2 |               |                  |                1 |              1 |         1.00 |
|  arbiter_puf_fpga_v1_0_S00_AXI_inst/u_puf/genblk1[59].arbiterinst/genblk1[63].arbelinst/o2 |               |                  |                1 |              1 |         1.00 |
|  arbiter_puf_fpga_v1_0_S00_AXI_inst/u_puf/genblk1[43].arbiterinst/genblk1[63].arbelinst/o2 |               |                  |                1 |              1 |         1.00 |
|  arbiter_puf_fpga_v1_0_S00_AXI_inst/u_puf/genblk1[44].arbiterinst/genblk1[63].arbelinst/o2 |               |                  |                1 |              1 |         1.00 |
|  arbiter_puf_fpga_v1_0_S00_AXI_inst/u_puf/genblk1[45].arbiterinst/genblk1[63].arbelinst/o2 |               |                  |                1 |              1 |         1.00 |
|  arbiter_puf_fpga_v1_0_S00_AXI_inst/u_puf/genblk1[46].arbiterinst/genblk1[63].arbelinst/o2 |               |                  |                1 |              1 |         1.00 |
|  arbiter_puf_fpga_v1_0_S00_AXI_inst/u_puf/genblk1[47].arbiterinst/genblk1[63].arbelinst/o2 |               |                  |                1 |              1 |         1.00 |
|  arbiter_puf_fpga_v1_0_S00_AXI_inst/u_puf/genblk1[48].arbiterinst/genblk1[63].arbelinst/o2 |               |                  |                1 |              1 |         1.00 |
|  arbiter_puf_fpga_v1_0_S00_AXI_inst/u_puf/genblk1[4].arbiterinst/genblk1[63].arbelinst/o2  |               |                  |                1 |              1 |         1.00 |
|  arbiter_puf_fpga_v1_0_S00_AXI_inst/u_puf/genblk1[49].arbiterinst/genblk1[63].arbelinst/o2 |               |                  |                1 |              1 |         1.00 |
|  arbiter_puf_fpga_v1_0_S00_AXI_inst/u_puf/genblk1[50].arbiterinst/genblk1[63].arbelinst/o2 |               |                  |                1 |              1 |         1.00 |
|  arbiter_puf_fpga_v1_0_S00_AXI_inst/u_puf/genblk1[51].arbiterinst/genblk1[63].arbelinst/o2 |               |                  |                1 |              1 |         1.00 |
|  arbiter_puf_fpga_v1_0_S00_AXI_inst/u_puf/genblk1[52].arbiterinst/genblk1[63].arbelinst/o2 |               |                  |                1 |              1 |         1.00 |
|  arbiter_puf_fpga_v1_0_S00_AXI_inst/u_puf/genblk1[53].arbiterinst/genblk1[63].arbelinst/o2 |               |                  |                1 |              1 |         1.00 |
|  arbiter_puf_fpga_v1_0_S00_AXI_inst/u_puf/genblk1[54].arbiterinst/genblk1[63].arbelinst/o2 |               |                  |                1 |              1 |         1.00 |
|  arbiter_puf_fpga_v1_0_S00_AXI_inst/u_puf/genblk1[55].arbiterinst/genblk1[63].arbelinst/o2 |               |                  |                1 |              1 |         1.00 |
|  arbiter_puf_fpga_v1_0_S00_AXI_inst/u_puf/genblk1[56].arbiterinst/genblk1[63].arbelinst/o2 |               |                  |                1 |              1 |         1.00 |
|  arbiter_puf_fpga_v1_0_S00_AXI_inst/u_puf/genblk1[5].arbiterinst/genblk1[63].arbelinst/o2  |               |                  |                1 |              1 |         1.00 |
|  arbiter_puf_fpga_v1_0_S00_AXI_inst/u_puf/genblk1[57].arbiterinst/genblk1[63].arbelinst/o2 |               |                  |                1 |              1 |         1.00 |
|  arbiter_puf_fpga_v1_0_S00_AXI_inst/u_puf/genblk1[58].arbiterinst/genblk1[63].arbelinst/o2 |               |                  |                1 |              1 |         1.00 |
|  arbiter_puf_fpga_v1_0_S00_AXI_inst/u_puf/genblk1[60].arbiterinst/genblk1[63].arbelinst/o2 |               |                  |                1 |              1 |         1.00 |
|  arbiter_puf_fpga_v1_0_S00_AXI_inst/u_puf/genblk1[61].arbiterinst/genblk1[63].arbelinst/o2 |               |                  |                1 |              1 |         1.00 |
|  arbiter_puf_fpga_v1_0_S00_AXI_inst/u_puf/genblk1[62].arbiterinst/genblk1[63].arbelinst/o2 |               |                  |                1 |              1 |         1.00 |
|  arbiter_puf_fpga_v1_0_S00_AXI_inst/u_puf/genblk1[6].arbiterinst/genblk1[63].arbelinst/o2  |               |                  |                1 |              1 |         1.00 |
|  arbiter_puf_fpga_v1_0_S00_AXI_inst/u_puf/genblk1[7].arbiterinst/genblk1[63].arbelinst/o2  |               |                  |                1 |              1 |         1.00 |
|  arbiter_puf_fpga_v1_0_S00_AXI_inst/u_puf/genblk1[8].arbiterinst/genblk1[63].arbelinst/o2  |               |                  |                1 |              1 |         1.00 |
+--------------------------------------------------------------------------------------------+---------------+------------------+------------------+----------------+--------------+


