Copyright 1986-2020 Xilinx, Inc. All Rights Reserved.
-----------------------------------------------------------------------------------------------------------------------------------------------------------------------------------------------------
| Tool Version : Vivado v.2020.2 (win64) Build 3064766 Wed Nov 18 09:12:45 MST 2020
| Date         : Tue Jul  8 15:56:46 2025
| Host         : MSI running 64-bit major release  (build 9200)
| Command      : report_methodology -file arbiter_puf_fpga_v1_0_methodology_drc_routed.rpt -pb arbiter_puf_fpga_v1_0_methodology_drc_routed.pb -rpx arbiter_puf_fpga_v1_0_methodology_drc_routed.rpx
| Design       : arbiter_puf_fpga_v1_0
| Device       : xc7z020clg400-1
| Speed File   : -1
| Design State : Fully Routed
-----------------------------------------------------------------------------------------------------------------------------------------------------------------------------------------------------

Report Methodology

Table of Contents
-----------------
1. REPORT SUMMARY
2. REPORT DETAILS

1. REPORT SUMMARY
-----------------
            Netlist: netlist
          Floorplan: checkpoint_arbiter_puf_fpga_v1_0
      Design limits: <entire design considered>
             Max violations: <unlimited>
             Violations found: 0
+------+----------+-------------+------------+
| Rule | Severity | Description | Violations |
+------+----------+-------------+------------+
+------+----------+-------------+------------+

2. REPORT DETAILS
-----------------

