#-----------------------------------------------------------
# Vivado v2020.2 (64-bit)
# SW Build 3064766 on Wed Nov 18 09:12:45 MST 2020
# IP Build 3064653 on Wed Nov 18 14:17:31 MST 2020
# Start of session at: Tue Jul  8 15:56:01 2025
# Process ID: 22592
# Current directory: c:/AB/xilinxvivado/projects/arbiter-PUF-FPGA/Arbiter-PUF-FPGA/Aribiter-PUF-FPGA.tmp/arbiter_puf_fpga_v1_0_project/arbiter_puf_fpga_v1_0_project.runs/impl_1
# Command line: vivado.exe -log arbiter_puf_fpga_v1_0.vdi -applog -product Vivado -messageDb vivado.pb -mode batch -source arbiter_puf_fpga_v1_0.tcl -notrace
# Log file: c:/AB/xilinxvivado/projects/arbiter-PUF-FPGA/Arbiter-PUF-FPGA/Aribiter-PUF-FPGA.tmp/arbiter_puf_fpga_v1_0_project/arbiter_puf_fpga_v1_0_project.runs/impl_1/arbiter_puf_fpga_v1_0.vdi
# Journal file: c:/AB/xilinxvivado/projects/arbiter-PUF-FPGA/Arbiter-PUF-FPGA/Aribiter-PUF-FPGA.tmp/arbiter_puf_fpga_v1_0_project/arbiter_puf_fpga_v1_0_project.runs/impl_1\vivado.jou
#-----------------------------------------------------------
source arbiter_puf_fpga_v1_0.tcl -notrace
