15:58:38 INFO  : Launching XSCT server: xsct.bat -n  -interactive C:\AB\xilinxvivado\projects\arbiter-PUF-FPGA\vitis_workspace\temp_xsdb_launch_script.tcl
15:58:38 INFO  : Registering command handlers for Vitis TCF services
15:58:40 INFO  : XSCT server has started successfully.
15:58:40 INFO  : Successfully done setting XSCT server connection channel  
15:58:40 INFO  : plnx-install-location is set to ''
15:58:40 INFO  : Successfully done setting workspace for the tool. 
15:58:40 INFO  : Successfully done query RDI_DATADIR 
15:58:40 INFO  : Platform repository initialization has completed.
15:59:16 INFO  : Result from executing command 'getProjects': arbiter_puf_platform
15:59:16 INFO  : Result from executing command 'getPlatforms': 
16:00:32 ERROR : Error occurred while generating bsp sources for the domain 'zynq_fsbl'.
16:00:43 ERROR : (XSDB Server)rm: cannot lstat `*.o': Invalid argument

16:00:43 ERROR : (XSDB Server)make: *** [Makefile:42: clean] Error 1

16:02:42 INFO  : No changes in MSS file content so sources will not be generated.
16:20:53 INFO  : Launching XSCT server: xsct.bat -n  -interactive C:\AB\xilinxvivado\projects\arbiter-PUF-FPGA\vitis_workspace\temp_xsdb_launch_script.tcl
16:20:55 INFO  : XSCT server has started successfully.
16:20:55 INFO  : plnx-install-location is set to ''
16:20:55 INFO  : Successfully done setting XSCT server connection channel  
16:20:55 INFO  : Successfully done setting workspace for the tool. 
16:20:55 INFO  : Registering command handlers for Vitis TCF services
16:20:55 INFO  : Successfully done query RDI_DATADIR 
16:20:57 ERROR : Error encountered while initializing user repository paths
Reason: No Platforms Found.


16:20:57 INFO  : Platform repository initialization has completed.
16:28:30 INFO  : Launching XSCT server: xsct.bat -n  -interactive C:\AB\xilinxvivado\projects\arbiter-PUF-FPGA\vitis_workspace\temp_xsdb_launch_script.tcl
16:28:32 INFO  : XSCT server has started successfully.
16:28:32 INFO  : plnx-install-location is set to ''
16:28:32 INFO  : Successfully done setting XSCT server connection channel  
16:28:32 INFO  : Successfully done setting workspace for the tool. 
16:28:32 INFO  : Registering command handlers for Vitis TCF services
16:28:32 INFO  : Successfully done query RDI_DATADIR 
16:28:35 ERROR : Error encountered while initializing user repository paths
Reason: No Platforms Found.


16:28:35 INFO  : Platform repository initialization has completed.
16:33:30 INFO  : Result from executing command 'getProjects': arbiter_puf_platform
16:33:30 INFO  : Result from executing command 'getPlatforms': 
16:40:08 INFO  : Checking for BSP changes to sync application flags for project 'puf_test'...
11:28:01 INFO  : Launching XSCT server: xsct.bat -n  -interactive C:\AB\xilinxvivado\projects\arbiter-PUF-FPGA\vitis_workspace\temp_xsdb_launch_script.tcl
11:28:03 INFO  : XSCT server has started successfully.
11:28:03 INFO  : Successfully done setting XSCT server connection channel  
11:28:03 INFO  : plnx-install-location is set to ''
11:28:03 INFO  : Successfully done setting workspace for the tool. 
11:28:06 INFO  : Platform repository initialization has completed.
11:28:06 INFO  : Registering command handlers for Vitis TCF services
11:28:07 INFO  : Successfully done query RDI_DATADIR 
11:28:49 INFO  : Hardware specification for platform project 'arbiter_puf_platform' is updated.
11:29:03 INFO  : Result from executing command 'getProjects': arbiter_puf_platform
11:29:03 INFO  : Result from executing command 'getPlatforms': arbiter_puf_platform|C:/AB/xilinxvivado/projects/arbiter-PUF-FPGA/vitis_workspace/arbiter_puf_platform/export/arbiter_puf_platform/arbiter_puf_platform.xpfm
11:29:17 INFO  : Checking for BSP changes to sync application flags for project 'puf_test'...
11:29:25 INFO  : Checking for BSP changes to sync application flags for project 'puf_test'...
11:29:25 INFO  : The hardware specfication used by project 'puf_test' is out of sync with the platform. Resource files extracted from the hardware specfiication will be updated.
11:29:25 INFO  : The file 'C:\AB\xilinxvivado\projects\arbiter-PUF-FPGA\vitis_workspace\puf_test\_ide\bitstream\design_2_wrapper.bit' stored in project is removed.
11:29:25 INFO  : The updated bitstream files are copied from platform to folder 'C:\AB\xilinxvivado\projects\arbiter-PUF-FPGA\vitis_workspace\puf_test\_ide\bitstream' in project 'puf_test'.
11:29:25 INFO  : The file 'C:\AB\xilinxvivado\projects\arbiter-PUF-FPGA\vitis_workspace\puf_test\_ide\psinit\ps7_init.tcl' stored in project is removed.
11:29:28 INFO  : The updated ps init files are copied from platform to folder 'C:\AB\xilinxvivado\projects\arbiter-PUF-FPGA\vitis_workspace\puf_test\_ide\psinit' in project 'puf_test'.
14:02:03 INFO  : Launching XSCT server: xsct.bat -n  -interactive C:\AB\xilinxvivado\projects\arbiter-PUF-FPGA\vitis_workspace\temp_xsdb_launch_script.tcl
14:02:05 INFO  : XSCT server has started successfully.
14:02:05 INFO  : plnx-install-location is set to ''
14:02:05 INFO  : Successfully done setting XSCT server connection channel  
14:02:05 INFO  : Successfully done setting workspace for the tool. 
14:02:09 INFO  : Platform repository initialization has completed.
14:02:09 INFO  : Registering command handlers for Vitis TCF services
14:02:09 INFO  : Successfully done query RDI_DATADIR 
19:44:32 INFO  : Launching XSCT server: xsct.bat -n  -interactive C:\AB\xilinxvivado\projects\arbiter-PUF-FPGA\vitis_workspace\temp_xsdb_launch_script.tcl
19:44:35 INFO  : XSCT server has started successfully.
19:44:35 INFO  : plnx-install-location is set to ''
19:44:35 INFO  : Successfully done setting XSCT server connection channel  
19:44:35 INFO  : Successfully done setting workspace for the tool. 
19:44:38 INFO  : Successfully done query RDI_DATADIR 
19:44:40 INFO  : Platform repository initialization has completed.
19:44:41 INFO  : Registering command handlers for Vitis TCF services
19:45:19 INFO  : Result from executing command 'getProjects': arbiter_puf_platform
19:45:19 INFO  : Result from executing command 'getPlatforms': arbiter_puf_platform|C:/AB/xilinxvivado/projects/arbiter-PUF-FPGA/vitis_workspace/arbiter_puf_platform/export/arbiter_puf_platform/arbiter_puf_platform.xpfm
19:46:23 INFO  : Result from executing command 'getProjects': arbiter_puf_platform;puf_platform
19:46:23 INFO  : Result from executing command 'getPlatforms': arbiter_puf_platform|C:/AB/xilinxvivado/projects/arbiter-PUF-FPGA/vitis_workspace/arbiter_puf_platform/export/arbiter_puf_platform/arbiter_puf_platform.xpfm
12:27:38 INFO  : Launching XSCT server: xsct.bat -n  -interactive C:\AB\xilinxvivado\projects\arbiter-PUF-FPGA\vitis_workspace\temp_xsdb_launch_script.tcl
12:27:40 INFO  : XSCT server has started successfully.
12:27:40 INFO  : Successfully done setting XSCT server connection channel  
12:27:40 INFO  : plnx-install-location is set to ''
12:27:40 INFO  : Successfully done setting workspace for the tool. 
12:27:43 INFO  : Platform repository initialization has completed.
12:27:44 INFO  : Registering command handlers for Vitis TCF services
12:27:44 INFO  : Successfully done query RDI_DATADIR 
15:28:01 INFO  : Launching XSCT server: xsct.bat -n  -interactive C:\AB\xilinxvivado\projects\arbiter-PUF-FPGA\vitis_workspace\temp_xsdb_launch_script.tcl
15:28:03 INFO  : XSCT server has started successfully.
15:28:03 INFO  : plnx-install-location is set to ''
15:28:03 INFO  : Successfully done setting XSCT server connection channel  
15:28:03 INFO  : Successfully done setting workspace for the tool. 
15:28:06 INFO  : Platform repository initialization has completed.
15:28:06 INFO  : Successfully done query RDI_DATADIR 
15:28:06 INFO  : Registering command handlers for Vitis TCF services
15:28:23 INFO  : Result from executing command 'getProjects': arbiter_puf_platform
15:28:23 INFO  : Result from executing command 'getPlatforms': arbiter_puf_platform|C:/AB/xilinxvivado/projects/arbiter-PUF-FPGA/vitis_workspace/arbiter_puf_platform/export/arbiter_puf_platform/arbiter_puf_platform.xpfm
15:31:13 INFO  : Hardware specification for platform project 'arbiter_puf_platform' is updated.
15:31:21 INFO  : Result from executing command 'getProjects': arbiter_puf_platform
15:31:21 INFO  : Result from executing command 'getPlatforms': arbiter_puf_platform|C:/AB/xilinxvivado/projects/arbiter-PUF-FPGA/vitis_workspace/arbiter_puf_platform/export/arbiter_puf_platform/arbiter_puf_platform.xpfm
15:37:16 INFO  : No changes in MSS file content so sources will not be generated.
15:43:27 INFO  : Launching XSCT server: xsct.bat -n  -interactive C:\AB\xilinxvivado\projects\arbiter-PUF-FPGA\vitis_workspace\temp_xsdb_launch_script.tcl
15:43:29 INFO  : XSCT server has started successfully.
15:43:29 INFO  : Successfully done setting XSCT server connection channel  
15:43:29 INFO  : plnx-install-location is set to ''
15:43:29 INFO  : Successfully done setting workspace for the tool. 
15:43:30 INFO  : Successfully done query RDI_DATADIR 
15:43:32 INFO  : Platform repository initialization has completed.
15:43:32 INFO  : Registering command handlers for Vitis TCF services
15:43:50 INFO  : Hardware specification for platform project 'arbiter_puf_platform' is updated.
15:45:46 INFO  : Hardware specification for platform project 'arbiter_puf_platform' is updated.
