#-----------------------------------------------------------
# Vivado v2020.2 (64-bit)
# SW Build 3064766 on Wed Nov 18 09:12:45 MST 2020
# IP Build 3064653 on Wed Nov 18 14:17:31 MST 2020
# Start of session at: Tue Jul  8 15:54:32 2025
# Process ID: 21900
# Current directory: c:/AB/xilinxvivado/projects/arbiter-PUF-FPGA/Arbiter-PUF-FPGA/Aribiter-PUF-FPGA.tmp/arbiter_puf_fpga_v1_0_project/arbiter_puf_fpga_v1_0_project.runs/synth_1
# Command line: vivado.exe -log arbiter_puf_fpga_v1_0.vds -product Vivado -mode batch -messageDb vivado.pb -notrace -source arbiter_puf_fpga_v1_0.tcl
# Log file: c:/AB/xilinxvivado/projects/arbiter-PUF-FPGA/Arbiter-PUF-FPGA/Aribiter-PUF-FPGA.tmp/arbiter_puf_fpga_v1_0_project/arbiter_puf_fpga_v1_0_project.runs/synth_1/arbiter_puf_fpga_v1_0.vds
# Journal file: c:/AB/xilinxvivado/projects/arbiter-PUF-FPGA/Arbiter-PUF-FPGA/Aribiter-PUF-FPGA.tmp/arbiter_puf_fpga_v1_0_project/arbiter_puf_fpga_v1_0_project.runs/synth_1\vivado.jou
#-----------------------------------------------------------
source arbiter_puf_fpga_v1_0.tcl -notrace
